MSBuild version 18.10.1-1.26427.6+3cd27c13e for .NET Framework
Build started 10/3/2026 11:05:04 AM.

     1>Project "D:\a\HtsVsp\HtsVsp\App\vspControl\vspControl.vcxproj" on node 1 (default targets).
     1>PrepareForBuild:
         Creating directory "vspControl\x64\Debug\".
         Structured output is enabled. The formatting of compiler diagnostics will reflect the error hierarchy. See https://aka.ms/cpp/structured-output for more details.
         Creating directory "vspControl\x64\Debug\vspControl.tlog\".
       InitializeBuildStatus:
         Creating "vspControl\x64\Debug\vspControl.tlog\unsuccessfulbuild" because "AlwaysCreate" was specified.
         Touching "vspControl\x64\Debug\vspControl.tlog\unsuccessfulbuild".
       VersionFiles:
         %WINDIR%\System32\WindowsPowerShell\v1.0\powershell.exe -NoProfile -NonInteractive -Executionpolicy Unrestricted -WindowStyle Hidden -command "& { D:\a\HtsVsp\HtsVsp/BuildTools\versionfiles.ps1 -incPath 'D:\a\HtsVsp\HtsVsp\inc' -BuildNumber 0  -verMajor 1 -verMinor 0 -verRev 0 } "
         10.03:11:05:05: branch: main in repo D:/a/HtsVsp/HtsVsp has modified uncommitted files, using build number 0
         10.03:11:05:05: Using generated build number 0
         10.03:11:05:05: build string 4d856b9
         10.03:11:05:05: include file directory is D:\a\HtsVsp\HtsVsp\inc
         10.03:11:05:05: updating D:\a\HtsVsp\HtsVsp\inc\buildnumber.props
       ClCompile:
         C:\Program Files\Microsoft Visual Studio\18\Enterprise\VC\Tools\MSVC\14.44.35207\bin\HostX86\x64\CL.exe /c /I..\..\inc /ZI /JMC /nologo /W3 /WX- /diagnostics:column /sdl /Od /D _DEBUG /D _CONSOLE /D WIN32 /D _MBCS /Gm- /EHsc /RTC1 /MTd /GS /fp:precise /Zc:wchar_t /Zc:forScope /Zc:inline /std:c++20 /permissive- /Fo"vspControl\x64\Debug\\" /Fd"vspControl\x64\Debug\vc143.pdb" /external:W3 /Gd /TP /FC /errorReport:queue devapi.cpp devicemanager.cpp PortDeviceManager.cpp vspControl.cpp
         devapi.cpp
         devicemanager.cpp
         PortDeviceManager.cpp
         vspControl.cpp
         Generating Code...
       ResourceCompile:
         D:\a\HtsVsp\HtsVsp\packages\Microsoft.Windows.SDK.CPP.10.0.28000.2526\c\bin\10.0.28000.0\x86\rc.exe /l"0x0409" /ID:\a\HtsVsp\HtsVsp\inc /nologo /fo"vspControl\x64\Debug\vspControl.res" vspControl.rc 
       Link:
         C:\Program Files\Microsoft Visual Studio\18\Enterprise\VC\Tools\MSVC\14.44.35207\bin\HostX86\x64\link.exe /ERRORREPORT:QUEUE /OUT:"D:\a\HtsVsp\HtsVsp/bin/Debug/x64/vspControl.exe" /INCREMENTAL /ILK:"vspControl\x64\Debug\vspControl.ilk" /NOLOGO OneCore.lib Msports.lib SetupApi.lib kernel32.lib user32.lib gdi32.lib winspool.lib comdlg32.lib advapi32.lib shell32.lib ole32.lib oleaut32.lib uuid.lib odbc32.lib odbccp32.lib /MANIFEST /MANIFESTUAC:"level='asInvoker' uiAccess='false'" /manifest:embed /DEBUG /PDB:"D:\a\HtsVsp\HtsVsp/bin/Debug/x64/vspControl.pdb" /SUBSYSTEM:CONSOLE /TLBID:1 /DYNAMICBASE /NXCOMPAT /IMPLIB:"D:\a\HtsVsp\HtsVsp/bin/Debug/x64/vspControl.lib" /MACHINE:X64 vspControl\x64\Debug\vspControl.res
         vspControl\x64\Debug\devapi.obj
         vspControl\x64\Debug\devicemanager.obj
         vspControl\x64\Debug\PortDeviceManager.obj
         vspControl\x64\Debug\vspControl.obj
         vspControl.vcxproj -> D:\a\HtsVsp\HtsVsp\bin\Debug\x64\vspControl.exe
       FinalizeBuildStatus:
         Deleting file "vspControl\x64\Debug\vspControl.tlog\unsuccessfulbuild".
         Touching "vspControl\x64\Debug\vspControl.tlog\vspControl.lastbuildstate".
     1>Done Building Project "D:\a\HtsVsp\HtsVsp\App\vspControl\vspControl.vcxproj" (default targets).

Build succeeded.
    0 Warning(s)
    0 Error(s)

Time Elapsed 00:00:20.28
